C:\projects\src\main\java\com\narxoz\rpg\factory\MagicEquipmentFactory.java
C:\projects\src\main\java\com\narxoz\rpg\character\Character.java
C:\projects\src\main\java\com\narxoz\rpg\factory\RangerEquipmentFactory.java
C:\projects\src\main\java\com\narxoz\rpg\factory\CharacterFactory.java
C:\projects\src\main\java\com\narxoz\rpg\equipment\EnchantedRobes.java
C:\projects\src\main\java\com\narxoz\rpg\character\Mage.java
C:\projects\src\main\java\com\narxoz\rpg\equipment\IronSword.java
C:\projects\src\main\java\com\narxoz\rpg\equipment\Weapon.java
C:\projects\src\main\java\com\narxoz\rpg\equipment\LeatherArmor.java
C:\projects\src\main\java\com\narxoz\rpg\factory\MageFactory.java
C:\projects\src\main\java\com\narxoz\rpg\character\Archer.java
C:\projects\src\main\java\com\narxoz\rpg\equipment\Longbow.java
C:\projects\src\main\java\com\narxoz\rpg\equipment\Armor.java
C:\projects\src\main\java\com\narxoz\rpg\factory\EquipmentFactory.java
C:\projects\src\main\java\com\narxoz\rpg\factory\MedievalEquipmentFactory.java
C:\projects\src\main\java\com\narxoz\rpg\Main.java
C:\projects\src\main\java\com\narxoz\rpg\character\Warrior.java
C:\projects\src\main\java\com\narxoz\rpg\equipment\PlateArmor.java
C:\projects\src\main\java\com\narxoz\rpg\equipment\WizardStaff.java
C:\projects\src\main\java\com\narxoz\rpg\factory\WarriorFactory.java
C:\projects\src\main\java\com\narxoz\rpg\factory\ArcherFactory.java
